---
source: crates/sui-cost/tests/empirical_transaction_cost.rs
expression: common_costs_estimate
---
{
  "MergeCoin": {
    "computation_cost": 6977,
    "storage_cost": 10009,
    "storage_rebate": 0
  },
  "Publish": {
    "computation_cost": 7782,
    "storage_cost": 11131,
    "storage_rebate": 0
  },
  "SharedCounterAssertValue": {
    "computation_cost": 768,
    "storage_cost": 811,
    "storage_rebate": 0
  },
  "SharedCounterCreate": {
    "computation_cost": 747,
    "storage_cost": 779,
    "storage_rebate": 0
  },
  "SharedCounterIncrement": {
    "computation_cost": 768,
    "storage_cost": 811,
    "storage_rebate": 0
  },
  "SplitCoin": {
    "computation_cost": 6955,
    "storage_cost": 9976,
    "storage_rebate": 0
  },
  "TransferPortionSuiCoin": {
    "computation_cost": 256,
    "storage_cost": 52,
    "storage_rebate": 0
  },
  "TransferWholeCoin": {
    "computation_cost": 277,
    "storage_cost": 84,
    "storage_rebate": 0
  },
  "TransferWholeSuiCoin": {
    "computation_cost": 256,
    "storage_cost": 52,
    "storage_rebate": 0
  }
}
